Archive member included to satisfy reference by file (symbol)

/usr/bin/../lib/gcc/arm-none-eabi/8.2.1/../../../../arm-none-eabi/lib/thumb/v7-m/nofp/libg_nano.a(lib_a-errno.o)
                              ./system/src/newlib/_sbrk.o (__errno)
/usr/bin/../lib/gcc/arm-none-eabi/8.2.1/../../../../arm-none-eabi/lib/thumb/v7-m/nofp/libg_nano.a(lib_a-impure.o)
                              /usr/bin/../lib/gcc/arm-none-eabi/8.2.1/../../../../arm-none-eabi/lib/thumb/v7-m/nofp/libg_nano.a(lib_a-errno.o) (_impure_ptr)
/usr/bin/../lib/gcc/arm-none-eabi/8.2.1/../../../../arm-none-eabi/lib/thumb/v7-m/nofp/libg_nano.a(lib_a-strlen.o)
                              ./system/src/diag/Trace.o (strlen)
/usr/bin/../lib/gcc/arm-none-eabi/8.2.1/../../../../arm-none-eabi/lib/thumb/v7-m/nofp/libg_nano.a(lib_a-vsnprintf.o)
                              ./system/src/diag/Trace.o (vsnprintf)
/usr/bin/../lib/gcc/arm-none-eabi/8.2.1/../../../../arm-none-eabi/lib/thumb/v7-m/nofp/libg_nano.a(lib_a-nano-svfprintf.o)
                              /usr/bin/../lib/gcc/arm-none-eabi/8.2.1/../../../../arm-none-eabi/lib/thumb/v7-m/nofp/libg_nano.a(lib_a-vsnprintf.o) (_svfprintf_r)
/usr/bin/../lib/gcc/arm-none-eabi/8.2.1/../../../../arm-none-eabi/lib/thumb/v7-m/nofp/libg_nano.a(lib_a-nano-vfprintf_i.o)
                              /usr/bin/../lib/gcc/arm-none-eabi/8.2.1/../../../../arm-none-eabi/lib/thumb/v7-m/nofp/libg_nano.a(lib_a-nano-svfprintf.o) (_printf_i)
/usr/bin/../lib/gcc/arm-none-eabi/8.2.1/../../../../arm-none-eabi/lib/thumb/v7-m/nofp/libg_nano.a(lib_a-memchr-stub.o)
                              /usr/bin/../lib/gcc/arm-none-eabi/8.2.1/../../../../arm-none-eabi/lib/thumb/v7-m/nofp/libg_nano.a(lib_a-nano-svfprintf.o) (memchr)
/usr/bin/../lib/gcc/arm-none-eabi/8.2.1/../../../../arm-none-eabi/lib/thumb/v7-m/nofp/libg_nano.a(lib_a-memcpy-stub.o)
                              /usr/bin/../lib/gcc/arm-none-eabi/8.2.1/../../../../arm-none-eabi/lib/thumb/v7-m/nofp/libg_nano.a(lib_a-nano-svfprintf.o) (memcpy)
/usr/bin/../lib/gcc/arm-none-eabi/8.2.1/../../../../arm-none-eabi/lib/thumb/v7-m/nofp/libg_nano.a(lib_a-memmove.o)
                              /usr/bin/../lib/gcc/arm-none-eabi/8.2.1/../../../../arm-none-eabi/lib/thumb/v7-m/nofp/libg_nano.a(lib_a-nano-svfprintf.o) (memmove)
/usr/bin/../lib/gcc/arm-none-eabi/8.2.1/../../../../arm-none-eabi/lib/thumb/v7-m/nofp/libg_nano.a(lib_a-nano-freer.o)
                              /usr/bin/../lib/gcc/arm-none-eabi/8.2.1/../../../../arm-none-eabi/lib/thumb/v7-m/nofp/libg_nano.a(lib_a-nano-svfprintf.o) (_free_r)
/usr/bin/../lib/gcc/arm-none-eabi/8.2.1/../../../../arm-none-eabi/lib/thumb/v7-m/nofp/libg_nano.a(lib_a-nano-mallocr.o)
                              /usr/bin/../lib/gcc/arm-none-eabi/8.2.1/../../../../arm-none-eabi/lib/thumb/v7-m/nofp/libg_nano.a(lib_a-nano-svfprintf.o) (_malloc_r)
/usr/bin/../lib/gcc/arm-none-eabi/8.2.1/../../../../arm-none-eabi/lib/thumb/v7-m/nofp/libg_nano.a(lib_a-nano-reallocr.o)
                              /usr/bin/../lib/gcc/arm-none-eabi/8.2.1/../../../../arm-none-eabi/lib/thumb/v7-m/nofp/libg_nano.a(lib_a-nano-svfprintf.o) (_realloc_r)
/usr/bin/../lib/gcc/arm-none-eabi/8.2.1/../../../../arm-none-eabi/lib/thumb/v7-m/nofp/libg_nano.a(lib_a-sbrkr.o)
                              /usr/bin/../lib/gcc/arm-none-eabi/8.2.1/../../../../arm-none-eabi/lib/thumb/v7-m/nofp/libg_nano.a(lib_a-nano-mallocr.o) (_sbrk_r)
/usr/bin/../lib/gcc/arm-none-eabi/8.2.1/../../../../arm-none-eabi/lib/thumb/v7-m/nofp/libg_nano.a(lib_a-mlock.o)
                              /usr/bin/../lib/gcc/arm-none-eabi/8.2.1/../../../../arm-none-eabi/lib/thumb/v7-m/nofp/libg_nano.a(lib_a-nano-freer.o) (__malloc_lock)
/usr/bin/../lib/gcc/arm-none-eabi/8.2.1/../../../../arm-none-eabi/lib/thumb/v7-m/nofp/libg_nano.a(lib_a-nano-msizer.o)
                              /usr/bin/../lib/gcc/arm-none-eabi/8.2.1/../../../../arm-none-eabi/lib/thumb/v7-m/nofp/libg_nano.a(lib_a-nano-reallocr.o) (_malloc_usable_size_r)
/usr/bin/../lib/gcc/arm-none-eabi/8.2.1/../../../../arm-none-eabi/lib/thumb/v7-m/nofp/libg_nano.a(lib_a-lock.o)
                              /usr/bin/../lib/gcc/arm-none-eabi/8.2.1/../../../../arm-none-eabi/lib/thumb/v7-m/nofp/libg_nano.a(lib_a-mlock.o) (__retarget_lock_acquire_recursive)

Allocating common symbols
Common symbol       size              file

__lock___atexit_recursive_mutex
                    0x1               /usr/bin/../lib/gcc/arm-none-eabi/8.2.1/../../../../arm-none-eabi/lib/thumb/v7-m/nofp/libg_nano.a(lib_a-lock.o)
__lock___arc4random_mutex
                    0x1               /usr/bin/../lib/gcc/arm-none-eabi/8.2.1/../../../../arm-none-eabi/lib/thumb/v7-m/nofp/libg_nano.a(lib_a-lock.o)
errno               0x4               ./system/src/newlib/_syscalls.o
__lock___env_recursive_mutex
                    0x1               /usr/bin/../lib/gcc/arm-none-eabi/8.2.1/../../../../arm-none-eabi/lib/thumb/v7-m/nofp/libg_nano.a(lib_a-lock.o)
__lock___sinit_recursive_mutex
[...]
Memory Configuration

Name             Origin             Length             Attributes
RAM              0x0000000020000000 0x0000000000005000 xrw
CCMRAM           0x0000000000000000 0x0000000000000000 xrw
FLASH            0x0000000008000000 0x0000000000010000 xr
FLASHB1          0x0000000000000000 0x0000000000000000 xr
EXTMEMB0         0x0000000000000000 0x0000000000000000 xr
EXTMEMB1         0x0000000000000000 0x0000000000000000 xr
EXTMEMB2         0x0000000000000000 0x0000000000000000 xr
EXTMEMB3         0x0000000000000000 0x0000000000000000 xr
MEMORY_ARRAY     0x0000000000000000 0x0000000000000000 xrw
*default*        0x0000000000000000 0xffffffffffffffff

Linker script and memory map

LOAD ./system/src/stm32f1-stdperiph/misc.o
LOAD ./system/src/stm32f1-stdperiph/stm32f10x_gpio.o
LOAD ./system/src/stm32f1-stdperiph/stm32f10x_rcc.o
LOAD ./system/src/newlib/_cxx.o
LOAD ./system/src/newlib/_exit.o
LOAD ./system/src/newlib/_sbrk.o
LOAD ./system/src/newlib/_startup.o
LOAD ./system/src/newlib/_syscalls.o
LOAD ./system/src/newlib/assert.o
LOAD ./system/src/diag/Trace.o
LOAD ./system/src/diag/trace_impl.o
LOAD ./system/src/cortexm/_initialize_hardware.o
LOAD ./system/src/cortexm/_reset_hardware.o
LOAD ./system/src/cortexm/exception_handlers.o
LOAD ./system/src/cmsis/system_stm32f10x.o
LOAD ./system/src/cmsis/vectors_stm32f10x.o
LOAD ./src/DIO_Prog.o
LOAD ./src/LCD_Prog.o
LOAD ./src/Lib_Delay.o
LOAD ./src/RCC_prog.o
LOAD ./src/_write.o
LOAD ./src/main.o
LOAD /usr/bin/../lib/gcc/arm-none-eabi/8.2.1/../../../../arm-none-eabi/lib/thumb/v7-m/nofp/libstdc++_nano.a
LOAD /usr/bin/../lib/gcc/arm-none-eabi/8.2.1/../../../../arm-none-eabi/lib/thumb/v7-m/nofp/libm.a
START GROUP
LOAD /usr/bin/../lib/gcc/arm-none-eabi/8.2.1/thumb/v7-m/nofp/libgcc.a
LOAD /usr/bin/../lib/gcc/arm-none-eabi/8.2.1/../../../../arm-none-eabi/lib/thumb/v7-m/nofp/libg_nano.a
LOAD /usr/bin/../lib/gcc/arm-none-eabi/8.2.1/../../../../arm-none-eabi/lib/thumb/v7-m/nofp/libc_nano.a
END GROUP
START GROUP
LOAD /usr/bin/../lib/gcc/arm-none-eabi/8.2.1/thumb/v7-m/nofp/libgcc.a
LOAD /usr/bin/../lib/gcc/arm-none-eabi/8.2.1/../../../../arm-none-eabi/lib/thumb/v7-m/nofp/libc_nano.a
END GROUP
                0x0000000020005000                __stack = (ORIGIN (RAM) + LENGTH (RAM))
                0x0000000020005000                _estack = __stack
                0x0000000000000400                __Main_Stack_Size = 0x400
                [!provide]                        PROVIDE (_Main_Stack_Size = __Main_Stack_Size)
                0x0000000020004c00                __Main_Stack_Limit = (__stack - __Main_Stack_Size)
                [!provide]                        PROVIDE (_Main_Stack_Limit = __Main_Stack_Limit)
                0x0000000000000100                _Minimum_Stack_Size = 0x100
                0x0000000020000140                PROVIDE (_Heap_Begin = _end_noinit)
                0x0000000020004c00                PROVIDE (_Heap_Limit = (__stack - __Main_Stack_Size))

.isr_vector     0x0000000008000000      0x350
 FILL mask 0xff
                0x0000000008000000                __vectors_start = ABSOLUTE (.)
                0x0000000008000000                __vectors_start__ = ABSOLUTE (.)
 *(.isr_vector)
 .isr_vector    0x0000000008000000      0x10c ./system/src/cmsis/vectors_stm32f10x.o
                0x0000000008000000                __isr_vectors
 *(.cfmconfig)
 *(.after_vectors .after_vectors.*)
 .after_vectors
                0x000000000800010c      0x114 ./system/src/newlib/_startup.o
                0x000000000800010c                _start
 .after_vectors
                0x0000000008000220      0x12c ./system/src/cortexm/exception_handlers.o
                0x0000000008000220                Reset_Handler
                0x0000000008000226                NMI_Handler
                0x000000000800022a                HardFault_Handler
                0x000000000800023e                HardFault_Handler_C
                0x000000000800029c                MemManage_Handler
                0x00000000080002a0                BusFault_Handler
                0x00000000080002b4                BusFault_Handler_C
                0x00000000080002e8                UsageFault_Handler
                0x00000000080002fc                UsageFault_Handler_C
                0x0000000008000330                SVC_Handler
                0x0000000008000334                DebugMon_Handler
                0x0000000008000338                PendSV_Handler
                0x000000000800033c                SysTick_Handler
 .after_vectors
                0x000000000800034c        0x4 ./system/src/cmsis/vectors_stm32f10x.o
                0x000000000800034c                EXTI2_IRQHandler
                0x000000000800034c                TIM8_TRG_COM_IRQHandler
                0x000000000800034c                TIM8_CC_IRQHandler
                0x000000000800034c                TIM1_CC_IRQHandler
                0x000000000800034c                TIM6_IRQHandler
                0x000000000800034c                PVD_IRQHandler
                0x000000000800034c                SDIO_IRQHandler
                0x000000000800034c                CAN2_RX1_IRQHandler
                0x000000000800034c                EXTI3_IRQHandler
                0x000000000800034c                TIM8_TRG_COM_TIM14_IRQHandler
                0x000000000800034c                TIM1_UP_TIM10_IRQHandler
                0x000000000800034c                TIM8_UP_TIM13_IRQHandler
                0x000000000800034c                EXTI0_IRQHandler
                0x000000000800034c                I2C2_EV_IRQHandler
                0x000000000800034c                CAN1_RX0_IRQHandler
                0x000000000800034c                TIM1_UP_TIM16_IRQHandler
                0x000000000800034c                CAN2_SCE_IRQHandler
                0x000000000800034c                ADC1_2_IRQHandler
                0x000000000800034c                SPI1_IRQHandler
                0x000000000800034c                TAMPER_IRQHandler
                0x000000000800034c                TIM6_DAC_IRQHandler
                0x000000000800034c                TIM1_BRK_TIM9_IRQHandler
                0x000000000800034c                CAN2_RX0_IRQHandler
                0x000000000800034c                TIM8_UP_IRQHandler
                0x000000000800034c                DMA2_Channel2_IRQHandler
                0x000000000800034c                DMA1_Channel4_IRQHandler
                0x000000000800034c                USART3_IRQHandler
                0x000000000800034c                RTC_IRQHandler
                0x000000000800034c                DMA1_Channel7_IRQHandler
                0x000000000800034c                CAN1_RX1_IRQHandler
                0x000000000800034c                UART5_IRQHandler
                0x000000000800034c                ADC3_IRQHandler
                0x000000000800034c                TIM4_IRQHandler
                0x000000000800034c                DMA2_Channel1_IRQHandler
                0x000000000800034c                I2C1_EV_IRQHandler
                0x000000000800034c                DMA1_Channel6_IRQHandler
                0x000000000800034c                UART4_IRQHandler
                0x000000000800034c                DMA2_Channel4_IRQHandler
                0x000000000800034c                TIM3_IRQHandler
                0x000000000800034c                RCC_IRQHandler
                0x000000000800034c                TIM8_BRK_TIM12_IRQHandler
                0x000000000800034c                TIM1_TRG_COM_IRQHandler
                0x000000000800034c                DMA1_Channel1_IRQHandler
                0x000000000800034c                Default_Handler
                0x000000000800034c                CEC_IRQHandler
                0x000000000800034c                EXTI15_10_IRQHandler
                0x000000000800034c                TIM14_IRQHandler
                0x000000000800034c                TIM13_IRQHandler
                0x000000000800034c                TIM12_IRQHandler
                0x000000000800034c                TIM7_IRQHandler
                0x000000000800034c                CAN2_TX_IRQHandler
                0x000000000800034c                TIM5_IRQHandler
                0x000000000800034c                EXTI9_5_IRQHandler
                0x000000000800034c                ETH_WKUP_IRQHandler
                0x000000000800034c                SPI2_IRQHandler
                0x000000000800034c                CAN1_TX_IRQHandler
                0x000000000800034c                DMA2_Channel5_IRQHandler
                0x000000000800034c                DMA1_Channel5_IRQHandler
                0x000000000800034c                EXTI4_IRQHandler
                0x000000000800034c                USB_LP_CAN1_RX0_IRQHandler
                0x000000000800034c                TIM1_TRG_COM_TIM17_IRQHandler
                0x000000000800034c                USB_HP_CAN1_TX_IRQHandler
                0x000000000800034c                DMA1_Channel3_IRQHandler
                0x000000000800034c                FSMC_IRQHandler
                0x000000000800034c                ETH_IRQHandler
                0x000000000800034c                TIM1_UP_IRQHandler
                0x000000000800034c                WWDG_IRQHandler
                0x000000000800034c                TIM2_IRQHandler
                0x000000000800034c                OTG_FS_WKUP_IRQHandler
                0x000000000800034c                TIM1_TRG_COM_TIM11_IRQHandler
                0x000000000800034c                TIM1_BRK_IRQHandler
                0x000000000800034c                EXTI1_IRQHandler
                0x000000000800034c                RTCAlarm_IRQHandler
                0x000000000800034c                DMA2_Channel4_5_IRQHandler
                0x000000000800034c                USART2_IRQHandler
                0x000000000800034c                I2C2_ER_IRQHandler
                0x000000000800034c                DMA1_Channel2_IRQHandler
                0x000000000800034c                TIM8_BRK_IRQHandler
                0x000000000800034c                CAN1_SCE_IRQHandler
                0x000000000800034c                FLASH_IRQHandler
                0x000000000800034c                USART1_IRQHandler
                0x000000000800034c                OTG_FS_IRQHandler
                0x000000000800034c                SPI3_IRQHandler
                0x000000000800034c                I2C1_ER_IRQHandler
                0x000000000800034c                USBWakeUp_IRQHandler
                0x000000000800034c                DMA2_Channel3_IRQHandler
                0x000000000800034c                TIM1_BRK_TIM15_IRQHandler

.inits          0x0000000008000350       0x28
                0x0000000008000350                __data_regions_array_start = .
                0x0000000008000350        0x4 LONG 0x8001680 LOADADDR (.data)
                0x0000000008000354        0x4 LONG 0x20000000 ADDR (.data)
                0x0000000008000358        0x4 LONG 0x20000098 (ADDR (.data) + SIZEOF (.data))
                0x000000000800035c        0x4 LONG 0x8001680 LOADADDR (.data_CCMRAM)
                0x0000000008000360        0x4 LONG 0x0 ADDR (.data_CCMRAM)
                0x0000000008000364        0x4 LONG 0x0 (ADDR (.data_CCMRAM) + SIZEOF (.data_CCMRAM))
                0x0000000008000368                __data_regions_array_end = .
                0x0000000008000368                __bss_regions_array_start = .
                0x0000000008000368        0x4 LONG 0x20000098 ADDR (.bss)
                0x000000000800036c        0x4 LONG 0x20000140 (ADDR (.bss) + SIZEOF (.bss))
                0x0000000008000370        0x4 LONG 0x0 ADDR (.bss_CCMRAM)
                0x0000000008000374        0x4 LONG 0x0 (ADDR (.bss_CCMRAM) + SIZEOF (.bss_CCMRAM))
                0x0000000008000378                __bss_regions_array_end = .
 *(.init)
 *(.fini)
                0x0000000008000378                . = ALIGN (0x4)
                0x0000000008000378                PROVIDE (__preinit_array_start = .)
 *(.preinit_array_sysinit .preinit_array_sysinit.*)
 *(.preinit_array_platform .preinit_array_platform.*)
 *(.preinit_array .preinit_array.*)
                0x0000000008000378                PROVIDE (__preinit_array_end = .)
                0x0000000008000378                . = ALIGN (0x4)
                0x0000000008000378                PROVIDE (__init_array_start = .)
 *(SORT_BY_NAME(.init_array.*))
 *(.init_array)
                0x0000000008000378                PROVIDE (__init_array_end = .)
                0x0000000008000378                . = ALIGN (0x4)
                0x0000000008000378                PROVIDE (__fini_array_start = .)
 *(SORT_BY_NAME(.fini_array.*))
 *(.fini_array)
                0x0000000008000378                PROVIDE (__fini_array_end = .)

.flashtext
 *(.flashtext .flashtext.*)

.text           0x0000000008000378     0x1307
 *(.text .text.*)
 .text._exit    0x0000000008000378        0x2 ./system/src/newlib/_exit.o
                0x0000000008000378                _exit
 *fill*         0x000000000800037a        0x2 
 .text._sbrk    0x000000000800037c       0x44 ./system/src/newlib/_sbrk.o
                0x000000000800037c                _sbrk
 .text.__initialize_args
                0x00000000080003c0       0x10 ./system/src/newlib/_syscalls.o
                0x00000000080003c0                __initialize_args
 .text.trace_printf
                0x00000000080003d0       0x34 ./system/src/diag/Trace.o
                0x00000000080003d0                trace_printf
 .text._trace_write_semihosting_debug
                0x0000000008000404       0x60 ./system/src/diag/trace_impl.o
 .text.trace_write
                0x0000000008000464        0x8 ./system/src/diag/trace_impl.o
                0x0000000008000464                trace_write
 .text.__initialize_hardware_early
                0x000000000800046c       0x18 ./system/src/cortexm/_initialize_hardware.o
                0x000000000800046c                __initialize_hardware_early
 .text.__initialize_hardware
                0x0000000008000484        0x8 ./system/src/cortexm/_initialize_hardware.o
                0x0000000008000484                __initialize_hardware
 .text.dumpExceptionStack
                0x000000000800048c       0xf4 ./system/src/cortexm/exception_handlers.o
                0x000000000800048c                dumpExceptionStack
 .text.isSemihosting
                0x0000000008000580       0x20 ./system/src/cortexm/exception_handlers.o
                0x0000000008000580                isSemihosting
 .text.SetSysClockTo72
                0x00000000080005a0       0xc4 ./system/src/cmsis/system_stm32f10x.o
 .text.SetSysClock
                0x0000000008000664        0x8 ./system/src/cmsis/system_stm32f10x.o
 .text.SystemInit
                0x000000000800066c       0x50 ./system/src/cmsis/system_stm32f10x.o
                0x000000000800066c                SystemInit
 .text.SystemCoreClockUpdate
                0x00000000080006bc       0x94 ./system/src/cmsis/system_stm32f10x.o
                0x00000000080006bc                SystemCoreClockUpdate
 .text.DIO_u8SetPinDirection
                0x0000000008000750       0xd8 ./src/DIO_Prog.o
                0x0000000008000750                DIO_u8SetPinDirection
 .text.DIO_u8SetPinValue
                0x0000000008000828       0x44 ./src/DIO_Prog.o
                0x0000000008000828                DIO_u8SetPinValue
 .text.private_u8Write
                0x000000000800086c       0x88 ./src/LCD_Prog.o
 .text.private_u8WriteCommand
                0x00000000080008f4       0x14 ./src/LCD_Prog.o
 .text.private_u8WriteData
                0x0000000008000908       0x14 ./src/LCD_Prog.o
 .text.LCD_vInit
                0x000000000800091c       0x2e ./src/LCD_Prog.o
                0x000000000800091c                LCD_vInit
 .text.LCD_u8WriteData
                0x000000000800094a       0x5a ./src/LCD_Prog.o
                0x000000000800094a                LCD_u8WriteData
 .text.Lib_vDelayMs
                0x00000000080009a4       0x1e ./src/Lib_Delay.o
                0x00000000080009a4                Lib_vDelayMs
 *fill*         0x00000000080009c2        0x2 
 .text.RCC_vInit
                0x00000000080009c4       0x24 ./src/RCC_prog.o
                0x00000000080009c4                RCC_vInit
 .text.RCC_vEnablePeripheralClock
                0x00000000080009e8      0x244 ./src/RCC_prog.o
                0x00000000080009e8                RCC_vEnablePeripheralClock
 .text.main     0x0000000008000c2c       0x38 ./src/main.o
                0x0000000008000c2c                main
 .text.__errno  0x0000000008000c64        0xc /usr/bin/../lib/gcc/arm-none-eabi/8.2.1/../../../../arm-none-eabi/lib/thumb/v7-m/nofp/libg_nano.a(lib_a-errno.o)
                0x0000000008000c64                __errno
 .text._vsnprintf_r
                0x0000000008000c70       0x58 /usr/bin/../lib/gcc/arm-none-eabi/8.2.1/../../../../arm-none-eabi/lib/thumb/v7-m/nofp/libg_nano.a(lib_a-vsnprintf.o)
                0x0000000008000c70                _vsnprintf_r
                0x0000000008000c70                _vsniprintf_r
 .text.vsnprintf
                0x0000000008000cc8       0x1c /usr/bin/../lib/gcc/arm-none-eabi/8.2.1/../../../../arm-none-eabi/lib/thumb/v7-m/nofp/libg_nano.a(lib_a-vsnprintf.o)
                0x0000000008000cc8                vsnprintf
                0x0000000008000cc8                vsniprintf
 .text.__ssputs_r
                0x0000000008000ce4       0xb6 /usr/bin/../lib/gcc/arm-none-eabi/8.2.1/../../../../arm-none-eabi/lib/thumb/v7-m/nofp/libg_nano.a(lib_a-nano-svfprintf.o)
                0x0000000008000ce4                __ssputs_r
 *fill*         0x0000000008000d9a        0x2 
 .text._svfprintf_r
                0x0000000008000d9c      0x1f0 /usr/bin/../lib/gcc/arm-none-eabi/8.2.1/../../../../arm-none-eabi/lib/thumb/v7-m/nofp/libg_nano.a(lib_a-nano-svfprintf.o)
                0x0000000008000d9c                _svfprintf_r
                0x0000000008000d9c                _svfiprintf_r
 .text._printf_common
                0x0000000008000f8c       0xec /usr/bin/../lib/gcc/arm-none-eabi/8.2.1/../../../../arm-none-eabi/lib/thumb/v7-m/nofp/libg_nano.a(lib_a-nano-vfprintf_i.o)
                0x0000000008000f8c                _printf_common
 .text._printf_i
                0x0000000008001078      0x22c /usr/bin/../lib/gcc/arm-none-eabi/8.2.1/../../../../arm-none-eabi/lib/thumb/v7-m/nofp/libg_nano.a(lib_a-nano-vfprintf_i.o)
                0x0000000008001078                _printf_i
 .text.memchr   0x00000000080012a4       0x1c /usr/bin/../lib/gcc/arm-none-eabi/8.2.1/../../../../arm-none-eabi/lib/thumb/v7-m/nofp/libg_nano.a(lib_a-memchr-stub.o)
                0x00000000080012a4                memchr
 .text.memcpy   0x00000000080012c0       0x1c /usr/bin/../lib/gcc/arm-none-eabi/8.2.1/../../../../arm-none-eabi/lib/thumb/v7-m/nofp/libg_nano.a(lib_a-memcpy-stub.o)
                0x00000000080012c0                memcpy
 .text.memmove  0x00000000080012dc       0x34 /usr/bin/../lib/gcc/arm-none-eabi/8.2.1/../../../../arm-none-eabi/lib/thumb/v7-m/nofp/libg_nano.a(lib_a-memmove.o)
                0x00000000080012dc                memmove
 .text._free_r  0x0000000008001310       0x98 /usr/bin/../lib/gcc/arm-none-eabi/8.2.1/../../../../arm-none-eabi/lib/thumb/v7-m/nofp/libg_nano.a(lib_a-nano-freer.o)
                0x0000000008001310                _free_r
 .text._malloc_r
                0x00000000080013a8       0xb4 /usr/bin/../lib/gcc/arm-none-eabi/8.2.1/../../../../arm-none-eabi/lib/thumb/v7-m/nofp/libg_nano.a(lib_a-nano-mallocr.o)
                0x00000000080013a8                _malloc_r
 .text._realloc_r
                0x000000000800145c       0x4c /usr/bin/../lib/gcc/arm-none-eabi/8.2.1/../../../../arm-none-eabi/lib/thumb/v7-m/nofp/libg_nano.a(lib_a-nano-reallocr.o)
                0x000000000800145c                _realloc_r
 .text._sbrk_r  0x00000000080014a8       0x20 /usr/bin/../lib/gcc/arm-none-eabi/8.2.1/../../../../arm-none-eabi/lib/thumb/v7-m/nofp/libg_nano.a(lib_a-sbrkr.o)
                0x00000000080014a8                _sbrk_r
 .text.__malloc_lock
                0x00000000080014c8        0xc /usr/bin/../lib/gcc/arm-none-eabi/8.2.1/../../../../arm-none-eabi/lib/thumb/v7-m/nofp/libg_nano.a(lib_a-mlock.o)
                0x00000000080014c8                __malloc_lock
 .text.__malloc_unlock
                0x00000000080014d4        0xc /usr/bin/../lib/gcc/arm-none-eabi/8.2.1/../../../../arm-none-eabi/lib/thumb/v7-m/nofp/libg_nano.a(lib_a-mlock.o)
                0x00000000080014d4                __malloc_unlock
 .text._malloc_usable_size_r
                0x00000000080014e0       0x10 /usr/bin/../lib/gcc/arm-none-eabi/8.2.1/../../../../arm-none-eabi/lib/thumb/v7-m/nofp/libg_nano.a(lib_a-nano-msizer.o)
                0x00000000080014e0                _malloc_usable_size_r
 .text.__retarget_lock_acquire_recursive
                0x00000000080014f0        0x2 /usr/bin/../lib/gcc/arm-none-eabi/8.2.1/../../../../arm-none-eabi/lib/thumb/v7-m/nofp/libg_nano.a(lib_a-lock.o)
                0x00000000080014f0                __retarget_lock_acquire_recursive
 .text.__retarget_lock_release_recursive
                0x00000000080014f2        0x2 /usr/bin/../lib/gcc/arm-none-eabi/8.2.1/../../../../arm-none-eabi/lib/thumb/v7-m/nofp/libg_nano.a(lib_a-lock.o)
                0x00000000080014f2                __retarget_lock_release_recursive
 *(.rodata .rodata.* .constdata .constdata.*)
 .rodata.dumpExceptionStack.str1.4
                0x00000000080014f4      0x11a ./system/src/cortexm/exception_handlers.o
 *fill*         0x000000000800160e        0x2 
 .rodata.str1.4
                0x0000000008001610       0x2a ./system/src/cortexm/exception_handlers.o
 *fill*         0x000000000800163a        0x2 
 .rodata.shiftedNumber
                0x000000000800163c        0x8 ./src/DIO_Prog.o
 .rodata.main.str1.4
                0x0000000008001644        0x8 ./src/main.o
                                          0x6 (size before relaxing)
 .rodata._svfprintf_r.str1.1
                0x000000000800164c       0x11 /usr/bin/../lib/gcc/arm-none-eabi/8.2.1/../../../../arm-none-eabi/lib/thumb/v7-m/nofp/libg_nano.a(lib_a-nano-svfprintf.o)
 .rodata._printf_i.str1.1
                0x000000000800165d       0x22 /usr/bin/../lib/gcc/arm-none-eabi/8.2.1/../../../../arm-none-eabi/lib/thumb/v7-m/nofp/libg_nano.a(lib_a-nano-vfprintf_i.o)
 *(vtable)
 *(.eh_frame*)
 *(.glue_7)
 .glue_7        0x000000000800167f        0x0 linker stubs
 *(.glue_7t)
 .glue_7t       0x000000000800167f        0x0 linker stubs

.vfp11_veneer   0x0000000008001680        0x0
 .vfp11_veneer  0x0000000008001680        0x0 linker stubs

.v4_bx          0x0000000008001680        0x0
 .v4_bx         0x0000000008001680        0x0 linker stubs

.iplt           0x0000000008001680        0x0
 .iplt          0x0000000008001680        0x0 ./system/src/newlib/_exit.o

.rel.dyn        0x0000000008001680        0x0
 .rel.iplt      0x0000000008001680        0x0 ./system/src/newlib/_exit.o

.ARM.extab
 *(.ARM.extab* .gnu.linkonce.armextab.*)
                0x0000000008001680                . = ALIGN (0x4)
                0x0000000008001680                __exidx_start = .

.ARM.exidx
 *(.ARM.exidx* .gnu.linkonce.armexidx.*)
                0x0000000008001680                __exidx_end = .
                0x0000000008001680                . = ALIGN (0x4)
                0x0000000008001680                _etext = .
                0x0000000008001680                __etext = .

.data_CCMRAM    0x0000000000000000        0x0 load address 0x0000000008001680
 FILL mask 0xff
 *(.data.CCMRAM .data.CCMRAM.*)
                0x0000000000000000                . = ALIGN (0x4)
                0x0000000008001680                _sidata = LOADADDR (.data)

.data           0x0000000020000000       0x98 load address 0x0000000008001680
 FILL mask 0xff
                0x0000000020000000                _sdata = .
                0x0000000020000000                __data_start__ = .
 *(.data_begin .data_begin.*)
 .data_begin    0x0000000020000000        0x4 ./system/src/newlib/_startup.o
 *(.data .data.*)
 .data.argv.4374
                0x0000000020000004        0x8 ./system/src/newlib/_syscalls.o
 .data.AHBPrescTable
                0x000000002000000c       0x10 ./system/src/cmsis/system_stm32f10x.o
                0x000000002000000c                AHBPrescTable
 .data.SystemCoreClock
                0x000000002000001c        0x4 ./system/src/cmsis/system_stm32f10x.o
                0x000000002000001c                SystemCoreClock
 .data.GPIO_AGPIOPorts
                0x0000000020000020       0x10 ./src/DIO_Prog.o
                0x0000000020000020                GPIO_AGPIOPorts
 .data._impure_ptr
                0x0000000020000030        0x4 /usr/bin/../lib/gcc/arm-none-eabi/8.2.1/../../../../arm-none-eabi/lib/thumb/v7-m/nofp/libg_nano.a(lib_a-impure.o)
                0x0000000020000030                _impure_ptr
 .data.impure_data
                0x0000000020000034       0x60 /usr/bin/../lib/gcc/arm-none-eabi/8.2.1/../../../../arm-none-eabi/lib/thumb/v7-m/nofp/libg_nano.a(lib_a-impure.o)
 *(.data_end .data_end.*)
 .data_end      0x0000000020000094        0x4 ./system/src/newlib/_startup.o
                0x0000000020000098                . = ALIGN (0x4)
                0x0000000020000098                _edata = .
                0x0000000020000098                __data_end__ = .

.igot.plt       0x0000000020000098        0x0 load address 0x0000000008001718
 .igot.plt      0x0000000020000098        0x0 ./system/src/newlib/_exit.o

.bss_CCMRAM     0x0000000000000000        0x0
 *(.bss.CCMRAM .bss.CCMRAM.*)

.bss            0x0000000020000098       0xa8
                0x0000000020000098                __bss_start__ = .
                0x0000000020000098                _sbss = .
 *(.bss_begin .bss_begin.*)
 .bss_begin     0x0000000020000098        0x4 ./system/src/newlib/_startup.o
 *(.bss .bss.*)
 .bss.current_heap_end.4004
                0x000000002000009c        0x4 ./system/src/newlib/_sbrk.o
 .bss.name.4373
                0x00000000200000a0        0x1 ./system/src/newlib/_syscalls.o
 *fill*         0x00000000200000a1        0x3 
 .bss.buf.5248  0x00000000200000a4       0x80 ./system/src/diag/Trace.o
 .bss.__malloc_free_list
                0x0000000020000124        0x4 /usr/bin/../lib/gcc/arm-none-eabi/8.2.1/../../../../arm-none-eabi/lib/thumb/v7-m/nofp/libg_nano.a(lib_a-nano-mallocr.o)
                0x0000000020000124                __malloc_free_list
 .bss.__malloc_sbrk_start
                0x0000000020000128        0x4 /usr/bin/../lib/gcc/arm-none-eabi/8.2.1/../../../../arm-none-eabi/lib/thumb/v7-m/nofp/libg_nano.a(lib_a-nano-mallocr.o)
                0x0000000020000128                __malloc_sbrk_start
 *(COMMON)
 COMMON         0x000000002000012c        0x4 ./system/src/newlib/_syscalls.o
                0x000000002000012c                errno
 COMMON         0x0000000020000130        0x9 /usr/bin/../lib/gcc/arm-none-eabi/8.2.1/../../../../arm-none-eabi/lib/thumb/v7-m/nofp/libg_nano.a(lib_a-lock.o)
                0x0000000020000130                __lock___atexit_recursive_mutex
                0x0000000020000131                __lock___arc4random_mutex
                0x0000000020000132                __lock___env_recursive_mutex
                0x0000000020000133                __lock___sinit_recursive_mutex
                0x0000000020000134                __lock___malloc_recursive_mutex
                0x0000000020000135                __lock___at_quick_exit_mutex
                0x0000000020000136                __lock___dd_hash_mutex
                0x0000000020000137                __lock___tz_mutex
                0x0000000020000138                __lock___sfp_recursive_mutex
 *(.bss_end .bss_end.*)
 *fill*         0x0000000020000139        0x3 
 .bss_end       0x000000002000013c        0x4 ./system/src/newlib/_startup.o
                0x0000000020000140                . = ALIGN (0x4)
                0x0000000020000140                __bss_end__ = .
                0x0000000020000140                _ebss = .

.noinit_CCMRAM
 *(.noinit.CCMRAM .noinit.CCMRAM.*)

.noinit         0x0000000020000140        0x0
                0x0000000020000140                _noinit = .
 *(.noinit .noinit.*)
                0x0000000020000140                . = ALIGN (0x4)
                0x0000000020000140                _end_noinit = .
                [!provide]                        PROVIDE (end = _end_noinit)
                [!provide]                        PROVIDE (_end = _end_noinit)
                [!provide]                        PROVIDE (__end = _end_noinit)
                [!provide]                        PROVIDE (__end__ = _end_noinit)

._check_stack   0x0000000020000140      0x100
                0x0000000020000240                . = (. + _Minimum_Stack_Size)
 *fill*         0x0000000020000140      0x100 

.b1text
 *(.b1text)
 *(.b1rodata)
 *(.b1rodata.*)

.eb0text
 *(.eb0text)
 *(.eb0rodata)
 *(.eb0rodata.*)

.eb1text
 *(.eb1text)
 *(.eb1rodata)
 *(.eb1rodata.*)

.eb2text
 *(.eb2text)
 *(.eb2rodata)
 *(.eb2rodata.*)

.eb3text
 *(.eb3text)
 *(.eb3rodata)
 *(.eb3rodata.*)

.stab
 *(.stab)

.stabstr
 *(.stabstr)

.stab.excl
 *(.stab.excl)

.stab.exclstr
 *(.stab.exclstr)

.stab.index
 *(.stab.index)

.stab.indexstr
 *(.stab.indexstr)

.comment        0x0000000000000000       0x75
 *(.comment)
 .comment       0x0000000000000000       0x75 ./system/src/newlib/_exit.o
                                         0x76 (size before relaxing)
 .comment       0x0000000000000075       0x76 ./system/src/newlib/_sbrk.o
 .comment       0x0000000000000075       0x76 ./system/src/newlib/_startup.o
 .comment       0x0000000000000075       0x76 ./system/src/newlib/_syscalls.o
 .comment       0x0000000000000075       0x76 ./system/src/diag/Trace.o
 .comment       0x0000000000000075       0x76 ./system/src/diag/trace_impl.o
 .comment       0x0000000000000075       0x76 ./system/src/cortexm/_initialize_hardware.o
 .comment       0x0000000000000075       0x76 ./system/src/cortexm/exception_handlers.o
 .comment       0x0000000000000075       0x76 ./system/src/cmsis/system_stm32f10x.o
 .comment       0x0000000000000075       0x76 ./system/src/cmsis/vectors_stm32f10x.o
 .comment       0x0000000000000075       0x76 ./src/DIO_Prog.o
 .comment       0x0000000000000075       0x76 ./src/LCD_Prog.o
 .comment       0x0000000000000075       0x76 ./src/Lib_Delay.o
 .comment       0x0000000000000075       0x76 ./src/RCC_prog.o
 .comment       0x0000000000000075       0x76 ./src/main.o

.ARM.attributes
                0x0000000000000000       0x2b
 .ARM.attributes
                0x0000000000000000       0x2d ./system/src/newlib/_exit.o
 .ARM.attributes
                0x000000000000002d       0x2d ./system/src/newlib/_sbrk.o
 .ARM.attributes
                0x000000000000005a       0x2d ./system/src/newlib/_startup.o
 .ARM.attributes
                0x0000000000000087       0x2d ./system/src/newlib/_syscalls.o
 .ARM.attributes
                0x00000000000000b4       0x2d ./system/src/diag/Trace.o
 .ARM.attributes
                0x00000000000000e1       0x2d ./system/src/diag/trace_impl.o
 .ARM.attributes
                0x000000000000010e       0x2d ./system/src/cortexm/_initialize_hardware.o
 .ARM.attributes
                0x000000000000013b       0x2d ./system/src/cortexm/exception_handlers.o
 .ARM.attributes
                0x0000000000000168       0x2d ./system/src/cmsis/system_stm32f10x.o
 .ARM.attributes
                0x0000000000000195       0x2d ./system/src/cmsis/vectors_stm32f10x.o
 .ARM.attributes
                0x00000000000001c2       0x2d ./src/DIO_Prog.o
 .ARM.attributes
                0x00000000000001ef       0x2d ./src/LCD_Prog.o
 .ARM.attributes
                0x000000000000021c       0x2d ./src/Lib_Delay.o
 .ARM.attributes
                0x0000000000000249       0x2d ./src/RCC_prog.o
 .ARM.attributes
                0x0000000000000276       0x2d ./src/main.o
 .ARM.attributes
                0x00000000000002a3       0x2d /usr/bin/../lib/gcc/arm-none-eabi/8.2.1/../../../../arm-none-eabi/lib/thumb/v7-m/nofp/libg_nano.a(lib_a-errno.o)
 .ARM.attributes
                0x00000000000002d0       0x2d /usr/bin/../lib/gcc/arm-none-eabi/8.2.1/../../../../arm-none-eabi/lib/thumb/v7-m/nofp/libg_nano.a(lib_a-impure.o)
 .ARM.attributes
                0x00000000000002fd       0x2d /usr/bin/../lib/gcc/arm-none-eabi/8.2.1/../../../../arm-none-eabi/lib/thumb/v7-m/nofp/libg_nano.a(lib_a-vsnprintf.o)
 .ARM.attributes
                0x000000000000032a       0x2d /usr/bin/../lib/gcc/arm-none-eabi/8.2.1/../../../../arm-none-eabi/lib/thumb/v7-m/nofp/libg_nano.a(lib_a-nano-svfprintf.o)
 .ARM.attributes
                0x0000000000000357       0x2d /usr/bin/../lib/gcc/arm-none-eabi/8.2.1/../../../../arm-none-eabi/lib/thumb/v7-m/nofp/libg_nano.a(lib_a-nano-vfprintf_i.o)
 .ARM.attributes
                0x0000000000000384       0x2d /usr/bin/../lib/gcc/arm-none-eabi/8.2.1/../../../../arm-none-eabi/lib/thumb/v7-m/nofp/libg_nano.a(lib_a-memchr-stub.o)
 .ARM.attributes
                0x00000000000003b1       0x2d /usr/bin/../lib/gcc/arm-none-eabi/8.2.1/../../../../arm-none-eabi/lib/thumb/v7-m/nofp/libg_nano.a(lib_a-memcpy-stub.o)
 .ARM.attributes
                0x00000000000003de       0x2d /usr/bin/../lib/gcc/arm-none-eabi/8.2.1/../../../../arm-none-eabi/lib/thumb/v7-m/nofp/libg_nano.a(lib_a-memmove.o)
 .ARM.attributes
                0x000000000000040b       0x2d /usr/bin/../lib/gcc/arm-none-eabi/8.2.1/../../../../arm-none-eabi/lib/thumb/v7-m/nofp/libg_nano.a(lib_a-nano-freer.o)
 .ARM.attributes
                0x0000000000000438       0x2d /usr/bin/../lib/gcc/arm-none-eabi/8.2.1/../../../../arm-none-eabi/lib/thumb/v7-m/nofp/libg_nano.a(lib_a-nano-mallocr.o)
 .ARM.attributes
                0x0000000000000465       0x2d /usr/bin/../lib/gcc/arm-none-eabi/8.2.1/../../../../arm-none-eabi/lib/thumb/v7-m/nofp/libg_nano.a(lib_a-nano-reallocr.o)
 .ARM.attributes
                0x0000000000000492       0x2d /usr/bin/../lib/gcc/arm-none-eabi/8.2.1/../../../../arm-none-eabi/lib/thumb/v7-m/nofp/libg_nano.a(lib_a-sbrkr.o)
 .ARM.attributes
                0x00000000000004bf       0x2d /usr/bin/../lib/gcc/arm-none-eabi/8.2.1/../../../../arm-none-eabi/lib/thumb/v7-m/nofp/libg_nano.a(lib_a-mlock.o)
 .ARM.attributes
                0x00000000000004ec       0x2d /usr/bin/../lib/gcc/arm-none-eabi/8.2.1/../../../../arm-none-eabi/lib/thumb/v7-m/nofp/libg_nano.a(lib_a-nano-msizer.o)
 .ARM.attributes
                0x0000000000000519       0x2d /usr/bin/../lib/gcc/arm-none-eabi/8.2.1/../../../../arm-none-eabi/lib/thumb/v7-m/nofp/libg_nano.a(lib_a-lock.o)

.debug
 *(.debug)

.line
 *(.line)

.debug_srcinfo
 *(.debug_srcinfo)

.debug_sfnames
 *(.debug_sfnames)

.debug_aranges  0x0000000000000000      0x358
 *(.debug_aranges)
 .debug_aranges
                0x0000000000000000       0x28 ./system/src/newlib/_exit.o
 .debug_aranges
                0x0000000000000028       0x20 ./system/src/newlib/_sbrk.o
 .debug_aranges
                0x0000000000000048       0x40 ./system/src/newlib/_startup.o
 .debug_aranges
                0x0000000000000088       0x30 ./system/src/newlib/_syscalls.o
 .debug_aranges
                0x00000000000000b8       0x38 ./system/src/diag/Trace.o
 .debug_aranges
                0x00000000000000f0       0x30 ./system/src/diag/trace_impl.o
 .debug_aranges
                0x0000000000000120       0x28 ./system/src/cortexm/_initialize_hardware.o
 .debug_aranges
                0x0000000000000148       0x90 ./system/src/cortexm/exception_handlers.o
 .debug_aranges
                0x00000000000001d8       0x38 ./system/src/cmsis/system_stm32f10x.o
 .debug_aranges
                0x0000000000000210       0x20 ./system/src/cmsis/vectors_stm32f10x.o
 .debug_aranges
                0x0000000000000230       0x48 ./src/DIO_Prog.o
 .debug_aranges
                0x0000000000000278       0x68 ./src/LCD_Prog.o
 .debug_aranges
                0x00000000000002e0       0x28 ./src/Lib_Delay.o
 .debug_aranges
                0x0000000000000308       0x30 ./src/RCC_prog.o
 .debug_aranges
                0x0000000000000338       0x20 ./src/main.o

.debug_pubnames
 *(.debug_pubnames)

.debug_info     0x0000000000000000     0x6328
 *(.debug_info .gnu.linkonce.wi.*)
 .debug_info    0x0000000000000000      0x9e7 ./system/src/newlib/_exit.o
 .debug_info    0x00000000000009e7      0x9d4 ./system/src/newlib/_sbrk.o
 .debug_info    0x00000000000013bb      0x4ce ./system/src/newlib/_startup.o
 .debug_info    0x0000000000001889      0xab9 ./system/src/newlib/_syscalls.o
 .debug_info    0x0000000000002342      0xbdb ./system/src/diag/Trace.o
 .debug_info    0x0000000000002f1d      0x3be ./system/src/diag/trace_impl.o
 .debug_info    0x00000000000032db      0x2d6 ./system/src/cortexm/_initialize_hardware.o
 .debug_info    0x00000000000035b1     0x127b ./system/src/cortexm/exception_handlers.o
 .debug_info    0x000000000000482c      0x4e0 ./system/src/cmsis/system_stm32f10x.o
 .debug_info    0x0000000000004d0c       0xce ./system/src/cmsis/vectors_stm32f10x.o
 .debug_info    0x0000000000004dda      0x60a ./src/DIO_Prog.o
 .debug_info    0x00000000000053e4      0x786 ./src/LCD_Prog.o
 .debug_info    0x0000000000005b6a      0x106 ./src/Lib_Delay.o
 .debug_info    0x0000000000005c70      0x48c ./src/RCC_prog.o
 .debug_info    0x00000000000060fc      0x22c ./src/main.o

.debug_abbrev   0x0000000000000000     0x199e
 *(.debug_abbrev)
 .debug_abbrev  0x0000000000000000      0x222 ./system/src/newlib/_exit.o
 .debug_abbrev  0x0000000000000222      0x232 ./system/src/newlib/_sbrk.o
 .debug_abbrev  0x0000000000000454      0x1d7 ./system/src/newlib/_startup.o
 .debug_abbrev  0x000000000000062b      0x26d ./system/src/newlib/_syscalls.o
 .debug_abbrev  0x0000000000000898      0x2c6 ./system/src/diag/Trace.o
 .debug_abbrev  0x0000000000000b5e      0x221 ./system/src/diag/trace_impl.o
 .debug_abbrev  0x0000000000000d7f       0xfc ./system/src/cortexm/_initialize_hardware.o
 .debug_abbrev  0x0000000000000e7b      0x372 ./system/src/cortexm/exception_handlers.o
 .debug_abbrev  0x00000000000011ed      0x19d ./system/src/cmsis/system_stm32f10x.o
 .debug_abbrev  0x000000000000138a       0xa5 ./system/src/cmsis/vectors_stm32f10x.o
 .debug_abbrev  0x000000000000142f      0x15d ./src/DIO_Prog.o
 .debug_abbrev  0x000000000000158c      0x197 ./src/LCD_Prog.o
 .debug_abbrev  0x0000000000001723       0xa0 ./src/Lib_Delay.o
 .debug_abbrev  0x00000000000017c3      0x130 ./src/RCC_prog.o
 .debug_abbrev  0x00000000000018f3       0xab ./src/main.o

.debug_line     0x0000000000000000     0x383e
 *(.debug_line)
 .debug_line    0x0000000000000000      0x29e ./system/src/newlib/_exit.o
 .debug_line    0x000000000000029e      0x28f ./system/src/newlib/_sbrk.o
 .debug_line    0x000000000000052d      0x4b0 ./system/src/newlib/_startup.o
 .debug_line    0x00000000000009dd      0x36d ./system/src/newlib/_syscalls.o
 .debug_line    0x0000000000000d4a      0x37a ./system/src/diag/Trace.o
 .debug_line    0x00000000000010c4      0x5f2 ./system/src/diag/trace_impl.o
 .debug_line    0x00000000000016b6      0x354 ./system/src/cortexm/_initialize_hardware.o
 .debug_line    0x0000000000001a0a      0x7df ./system/src/cortexm/exception_handlers.o
 .debug_line    0x00000000000021e9      0x560 ./system/src/cmsis/system_stm32f10x.o
 .debug_line    0x0000000000002749       0xdf ./system/src/cmsis/vectors_stm32f10x.o
 .debug_line    0x0000000000002828      0x3de ./src/DIO_Prog.o
 .debug_line    0x0000000000002c06      0x3c7 ./src/LCD_Prog.o
 .debug_line    0x0000000000002fcd      0x104 ./src/Lib_Delay.o
 .debug_line    0x00000000000030d1      0x6b6 ./src/RCC_prog.o
 .debug_line    0x0000000000003787       0xb7 ./src/main.o

.debug_frame    0x0000000000000000      0xa3c
 *(.debug_frame)
 .debug_frame   0x0000000000000000       0x38 ./system/src/newlib/_exit.o
 .debug_frame   0x0000000000000038       0x28 ./system/src/newlib/_sbrk.o
 .debug_frame   0x0000000000000060       0x7c ./system/src/newlib/_startup.o
 .debug_frame   0x00000000000000dc       0x50 ./system/src/newlib/_syscalls.o
 .debug_frame   0x000000000000012c       0x94 ./system/src/diag/Trace.o
 .debug_frame   0x00000000000001c0       0x64 ./system/src/diag/trace_impl.o
 .debug_frame   0x0000000000000224       0x40 ./system/src/cortexm/_initialize_hardware.o
 .debug_frame   0x0000000000000264      0x158 ./system/src/cortexm/exception_handlers.o
 .debug_frame   0x00000000000003bc       0x6c ./system/src/cmsis/system_stm32f10x.o
 .debug_frame   0x0000000000000428       0x20 ./system/src/cmsis/vectors_stm32f10x.o
 .debug_frame   0x0000000000000448       0x94 ./src/DIO_Prog.o
 .debug_frame   0x00000000000004dc      0x124 ./src/LCD_Prog.o
 .debug_frame   0x0000000000000600       0x30 ./src/Lib_Delay.o
 .debug_frame   0x0000000000000630       0x40 ./src/RCC_prog.o
 .debug_frame   0x0000000000000670       0x28 ./src/main.o
 .debug_frame   0x0000000000000698       0x20 /usr/bin/../lib/gcc/arm-none-eabi/8.2.1/../../../../arm-none-eabi/lib/thumb/v7-m/nofp/libg_nano.a(lib_a-errno.o)
 .debug_frame   0x00000000000006b8       0x4c /usr/bin/../lib/gcc/arm-none-eabi/8.2.1/../../../../arm-none-eabi/lib/thumb/v7-m/nofp/libg_nano.a(lib_a-vsnprintf.o)
 .debug_frame   0x0000000000000704       0x90 /usr/bin/../lib/gcc/arm-none-eabi/8.2.1/../../../../arm-none-eabi/lib/thumb/v7-m/nofp/libg_nano.a(lib_a-nano-svfprintf.o)
 .debug_frame   0x0000000000000794       0x60 /usr/bin/../lib/gcc/arm-none-eabi/8.2.1/../../../../arm-none-eabi/lib/thumb/v7-m/nofp/libg_nano.a(lib_a-nano-vfprintf_i.o)
 .debug_frame   0x00000000000007f4       0x28 /usr/bin/../lib/gcc/arm-none-eabi/8.2.1/../../../../arm-none-eabi/lib/thumb/v7-m/nofp/libg_nano.a(lib_a-memchr-stub.o)
 .debug_frame   0x000000000000081c       0x28 /usr/bin/../lib/gcc/arm-none-eabi/8.2.1/../../../../arm-none-eabi/lib/thumb/v7-m/nofp/libg_nano.a(lib_a-memcpy-stub.o)
 .debug_frame   0x0000000000000844       0x28 /usr/bin/../lib/gcc/arm-none-eabi/8.2.1/../../../../arm-none-eabi/lib/thumb/v7-m/nofp/libg_nano.a(lib_a-memmove.o)
 .debug_frame   0x000000000000086c       0x38 /usr/bin/../lib/gcc/arm-none-eabi/8.2.1/../../../../arm-none-eabi/lib/thumb/v7-m/nofp/libg_nano.a(lib_a-nano-freer.o)
 .debug_frame   0x00000000000008a4       0x30 /usr/bin/../lib/gcc/arm-none-eabi/8.2.1/../../../../arm-none-eabi/lib/thumb/v7-m/nofp/libg_nano.a(lib_a-nano-mallocr.o)
 .debug_frame   0x00000000000008d4       0x3c /usr/bin/../lib/gcc/arm-none-eabi/8.2.1/../../../../arm-none-eabi/lib/thumb/v7-m/nofp/libg_nano.a(lib_a-nano-reallocr.o)
 .debug_frame   0x0000000000000910       0x2c /usr/bin/../lib/gcc/arm-none-eabi/8.2.1/../../../../arm-none-eabi/lib/thumb/v7-m/nofp/libg_nano.a(lib_a-sbrkr.o)
 .debug_frame   0x000000000000093c       0x30 /usr/bin/../lib/gcc/arm-none-eabi/8.2.1/../../../../arm-none-eabi/lib/thumb/v7-m/nofp/libg_nano.a(lib_a-mlock.o)
 .debug_frame   0x000000000000096c       0x20 /usr/bin/../lib/gcc/arm-none-eabi/8.2.1/../../../../arm-none-eabi/lib/thumb/v7-m/nofp/libg_nano.a(lib_a-nano-msizer.o)
 .debug_frame   0x000000000000098c       0xb0 /usr/bin/../lib/gcc/arm-none-eabi/8.2.1/../../../../arm-none-eabi/lib/thumb/v7-m/nofp/libg_nano.a(lib_a-lock.o)

.debug_str      0x0000000000000000    0x584de
 *(.debug_str)
 .debug_str     0x0000000000000000     0x7ccd ./system/src/newlib/_exit.o
                                       0x7e94 (size before relaxing)
 .debug_str     0x0000000000007ccd      0x4f5 ./system/src/newlib/_sbrk.o
                                       0x7246 (size before relaxing)
 .debug_str     0x00000000000081c2      0xbbd ./system/src/newlib/_startup.o
                                       0x6981 (size before relaxing)
 .debug_str     0x0000000000008d7f      0xf90 ./system/src/newlib/_syscalls.o
                                       0x8235 (size before relaxing)
 .debug_str     0x0000000000009d0f      0x826 ./system/src/diag/Trace.o
                                       0x860c (size before relaxing)
 .debug_str     0x000000000000a535    0x4b2b9 ./system/src/diag/trace_impl.o
                                      0x529f2 (size before relaxing)
 .debug_str     0x00000000000557ee       0xc4 ./system/src/cortexm/_initialize_hardware.o
                                      0x4e8ed (size before relaxing)
 .debug_str     0x00000000000558b2      0x1a6 ./system/src/cortexm/exception_handlers.o
                                      0x53c17 (size before relaxing)
 .debug_str     0x0000000000055a58      0x114 ./system/src/cmsis/system_stm32f10x.o
                                      0x4e987 (size before relaxing)
 .debug_str     0x0000000000055b6c       0x57 ./system/src/cmsis/vectors_stm32f10x.o
                                       0x392c (size before relaxing)
 .debug_str     0x0000000000055bc3     0x1918 ./src/DIO_Prog.o
                                       0x4754 (size before relaxing)
 .debug_str     0x00000000000574db      0x7ec ./src/LCD_Prog.o
                                       0x3fd7 (size before relaxing)
 .debug_str     0x0000000000057cc7       0x69 ./src/Lib_Delay.o
                                       0x2f71 (size before relaxing)
 .debug_str     0x0000000000057d30      0x7a0 ./src/RCC_prog.o
                                       0x3d40 (size before relaxing)
 .debug_str     0x00000000000584d0        0xe ./src/main.o
                                       0x36a7 (size before relaxing)

.debug_loc      0x0000000000000000     0x16c4
 *(.debug_loc)
 .debug_loc     0x0000000000000000       0x15 ./system/src/newlib/_exit.o
 .debug_loc     0x0000000000000015       0x97 ./system/src/newlib/_sbrk.o
 .debug_loc     0x00000000000000ac      0x2a6 ./system/src/newlib/_startup.o
 .debug_loc     0x0000000000000352       0x6f ./system/src/newlib/_syscalls.o
 .debug_loc     0x00000000000003c1      0x118 ./system/src/diag/Trace.o
 .debug_loc     0x00000000000004d9      0x1a1 ./system/src/diag/trace_impl.o
 .debug_loc     0x000000000000067a      0x35c ./system/src/cortexm/exception_handlers.o
 .debug_loc     0x00000000000009d6       0xff ./system/src/cmsis/system_stm32f10x.o
 .debug_loc     0x0000000000000ad5      0x5ad ./src/DIO_Prog.o
 .debug_loc     0x0000000000001082      0x526 ./src/LCD_Prog.o
 .debug_loc     0x00000000000015a8       0x8c ./src/Lib_Delay.o
 .debug_loc     0x0000000000001634       0x90 ./src/RCC_prog.o

.debug_macinfo
 *(.debug_macinfo)

.debug_weaknames
 *(.debug_weaknames)

.debug_funcnames
 *(.debug_funcnames)

.debug_typenames
 *(.debug_typenames)

.debug_varnames
 *(.debug_varnames)
OUTPUT(LCD.elf elf32-littlearm)

.debug_ranges   0x0000000000000000      0x2b0
 .debug_ranges  0x0000000000000000       0x18 ./system/src/newlib/_exit.o
 .debug_ranges  0x0000000000000018       0x10 ./system/src/newlib/_sbrk.o
 .debug_ranges  0x0000000000000028       0x48 ./system/src/newlib/_startup.o
 .debug_ranges  0x0000000000000070       0x20 ./system/src/newlib/_syscalls.o
 .debug_ranges  0x0000000000000090       0x28 ./system/src/diag/Trace.o
 .debug_ranges  0x00000000000000b8       0x38 ./system/src/diag/trace_impl.o
 .debug_ranges  0x00000000000000f0       0x18 ./system/src/cortexm/_initialize_hardware.o
 .debug_ranges  0x0000000000000108       0x98 ./system/src/cortexm/exception_handlers.o
 .debug_ranges  0x00000000000001a0       0x28 ./system/src/cmsis/system_stm32f10x.o
 .debug_ranges  0x00000000000001c8       0x10 ./system/src/cmsis/vectors_stm32f10x.o
 .debug_ranges  0x00000000000001d8       0x38 ./src/DIO_Prog.o
 .debug_ranges  0x0000000000000210       0x58 ./src/LCD_Prog.o
 .debug_ranges  0x0000000000000268       0x18 ./src/Lib_Delay.o
 .debug_ranges  0x0000000000000280       0x20 ./src/RCC_prog.o
 .debug_ranges  0x00000000000002a0       0x10 ./src/main.o

.debug_macro    0x0000000000000000     0x2df6
 .debug_macro   0x0000000000000000      0x1b4 ./system/src/newlib/_exit.o
 .debug_macro   0x00000000000001b4       0x34 ./system/src/newlib/_exit.o
 .debug_macro   0x00000000000001e8      0x10e ./system/src/newlib/_exit.o
 .debug_macro   0x00000000000002f6       0x8d ./system/src/newlib/_exit.o
 .debug_macro   0x0000000000000383       0x43 ./system/src/newlib/_exit.o
 .debug_macro   0x00000000000003c6      0x339 ./system/src/newlib/_exit.o
 .debug_macro   0x00000000000006ff       0x35 ./system/src/newlib/_exit.o
 .debug_macro   0x0000000000000734      0x169 ./system/src/newlib/_sbrk.o
 .debug_macro   0x000000000000089d      0x174 ./system/src/newlib/_sbrk.o
 .debug_macro   0x0000000000000a11       0x10 ./system/src/newlib/_sbrk.o
 .debug_macro   0x0000000000000a21      0x23b ./system/src/newlib/_sbrk.o
 .debug_macro   0x0000000000000c5c      0x173 ./system/src/newlib/_startup.o
 .debug_macro   0x0000000000000dcf      0x226 ./system/src/newlib/_syscalls.o
 .debug_macro   0x0000000000000ff5       0x1c ./system/src/newlib/_syscalls.o
 .debug_macro   0x0000000000001011       0x10 ./system/src/newlib/_syscalls.o
 .debug_macro   0x0000000000001021       0x10 ./system/src/newlib/_syscalls.o
 .debug_macro   0x0000000000001031       0x10 ./system/src/newlib/_syscalls.o
 .debug_macro   0x0000000000001041       0x35 ./system/src/newlib/_syscalls.o
 .debug_macro   0x0000000000001076      0x122 ./system/src/newlib/_syscalls.o
 .debug_macro   0x0000000000001198       0x88 ./system/src/newlib/_syscalls.o
 .debug_macro   0x0000000000001220       0x7c ./system/src/newlib/_syscalls.o
 .debug_macro   0x000000000000129c       0x17 ./system/src/newlib/_syscalls.o
 .debug_macro   0x00000000000012b3      0x118 ./system/src/newlib/_syscalls.o
 .debug_macro   0x00000000000013cb      0x189 ./system/src/newlib/_syscalls.o
 .debug_macro   0x0000000000001554       0x16 ./system/src/newlib/_syscalls.o
 .debug_macro   0x000000000000156a      0x1fb ./system/src/diag/Trace.o
 .debug_macro   0x0000000000001765       0x16 ./system/src/diag/Trace.o
 .debug_macro   0x000000000000177b       0x97 ./system/src/diag/Trace.o
 .debug_macro   0x0000000000001812       0xfd ./system/src/diag/Trace.o
 .debug_macro   0x000000000000190f       0x10 ./system/src/diag/Trace.o
 .debug_macro   0x000000000000191f       0x16 ./system/src/diag/Trace.o
 .debug_macro   0x0000000000001935      0x16f ./system/src/diag/Trace.o
 .debug_macro   0x0000000000001aa4       0x4c ./system/src/diag/Trace.o
 .debug_macro   0x0000000000001af0       0x16 ./system/src/diag/Trace.o
 .debug_macro   0x0000000000001b06      0x2da ./system/src/diag/trace_impl.o
 .debug_macro   0x0000000000001de0       0x10 ./system/src/diag/trace_impl.o
 .debug_macro   0x0000000000001df0       0xcf ./system/src/diag/trace_impl.o
 .debug_macro   0x0000000000001ebf       0xbe ./system/src/diag/trace_impl.o
 .debug_macro   0x0000000000001f7d       0x22 ./system/src/diag/trace_impl.o
 .debug_macro   0x0000000000001f9f      0x16b ./system/src/cortexm/_initialize_hardware.o
 .debug_macro   0x000000000000210a      0x324 ./system/src/cortexm/exception_handlers.o
 .debug_macro   0x000000000000242e       0x3b ./system/src/cortexm/exception_handlers.o
 .debug_macro   0x0000000000002469       0x10 ./system/src/cortexm/exception_handlers.o
 .debug_macro   0x0000000000002479      0x16e ./system/src/cmsis/system_stm32f10x.o
 .debug_macro   0x00000000000025e7       0x34 ./system/src/cmsis/vectors_stm32f10x.o
 .debug_macro   0x000000000000261b       0x47 ./src/DIO_Prog.o
 .debug_macro   0x0000000000002662       0x28 ./src/DIO_Prog.o
 .debug_macro   0x000000000000268a       0xd9 ./src/DIO_Prog.o
 .debug_macro   0x0000000000002763       0x1c ./src/DIO_Prog.o
 .debug_macro   0x000000000000277f       0x9a ./src/DIO_Prog.o
 .debug_macro   0x0000000000002819       0x4c ./src/DIO_Prog.o
 .debug_macro   0x0000000000002865      0x1c6 ./src/DIO_Prog.o
 .debug_macro   0x0000000000002a2b       0x51 ./src/LCD_Prog.o
 .debug_macro   0x0000000000002a7c       0xa6 ./src/LCD_Prog.o
 .debug_macro   0x0000000000002b22       0x5e ./src/LCD_Prog.o
 .debug_macro   0x0000000000002b80       0x23 ./src/Lib_Delay.o
 .debug_macro   0x0000000000002ba3       0x3e ./src/RCC_prog.o
 .debug_macro   0x0000000000002be1       0xe8 ./src/RCC_prog.o
 .debug_macro   0x0000000000002cc9       0xa0 ./src/RCC_prog.o
 .debug_macro   0x0000000000002d69       0x4e ./src/RCC_prog.o
 .debug_macro   0x0000000000002db7       0x3f ./src/main.o
